Trying to compile 
 

 // testing the typeof operator
 a = typeof(x) ;
 b = typeof(z);


Emerson Tree after parsing 
(PROG (EXPR_LIST (ASSIGN a (COND_EXPR (TYPEOF (POSTEXPR (EXPR_LIST (COND_EXPR (POSTEXPR x)))))))) (EXPR_LIST (ASSIGN b (COND_EXPR (TYPEOF (POSTEXPR (EXPR_LIST (COND_EXPR (POSTEXPR z)))))))))
The generated code is 
 a  =  typeOf x;
b  =  typeOf z;
 
